
warning: unused import: `model::*`
  --> src/lib.rs:24:9
   |
24 | pub use model::*;
   |         ^^^^^^^^
   |
   = note: `#[warn(unused_imports)]` (part of `#[warn(unused)]`) on by default

error[E0369]: binary operation `==` cannot be applied to type `&IndexMap<std::string::String, option::NixOption>`
   --> src/option.rs:28:9
    |
  5 | #[derive(Debug, Clone, PartialEq, Serialize, Deserialize)]
    |                        --------- in this derive macro expansion
...
 28 |         options: IndexMap<String, NixOption>,
    |         ^^^^^^^^^^^^^^^^^^^^^^^^^^^^^^^^^^^^
    |
note: an implementation of `PartialEq` might be missing for `option::NixOption`
   --> src/option.rs:111:1
    |
111 | pub struct NixOption {
    | ^^^^^^^^^^^^^^^^^^^^ must implement `PartialEq`
help: consider annotating `option::NixOption` with `#[derive(PartialEq)]`
    |
111 + #[derive(PartialEq)]
112 | pub struct NixOption {
    |

error[E0515]: cannot return value referencing temporary value
   --> src/render.rs:406:21
    |
406 | //                     opt.default
407 | ||                         .as_ref()
408 | ||                         .and_then(|d| {
409 | ||                             if let OptionValue::Bool(b) = d {
...   ||
414 | ||                         })
    | ||__________________________- temporary value created here
415 | |                          .as_ref()
    | |__________________________________^ returns a value referencing data owned by the current function

Some errors have detailed explanations: E0369, E0515.
For more information about an error, try `rustc --explain E0369`.
warning: `flaky` (lib) generated 1 warning
error: could not compile `flaky` (lib) due to 2 previous errors; 1 warning emitted
